10	10	10	10	10	10	10	10	10	10	7	7	7	7	7	7	7	7	7	7	4	4	4	4	4	4	4	4	4	4	3	3	3	3	3	3	3	3	3	3	1	1	1	1	1	1	1	1	1	1	
